Attempting to start server on port 4000...
